#-----------------------------------------------------------
# Vivado v2018.3 (64-bit)
# SW Build 2405991 on Thu Dec  6 23:38:27 MST 2018
# IP Build 2404404 on Fri Dec  7 01:43:56 MST 2018
# Start of session at: Sat Jul  9 22:56:46 2022
# Process ID: 4760
# Current directory: C:/Users/finger/Desktop/mycpu3
# Command line: vivado.exe -gui_launcher_event rodinguilauncherevent9552 C:\Users\finger\Desktop\mycpu3\mycpu3.xpr
# Log file: C:/Users/finger/Desktop/mycpu3/vivado.log
# Journal file: C:/Users/finger/Desktop/mycpu3\vivado.jou
#-----------------------------------------------------------
start_gui
open_project C:/Users/finger/Desktop/mycpu3/mycpu3.xpr
update_compile_order -fileset sources_1
move_files -fileset sim_1 [get_files  C:/Users/finger/Desktop/mycpu3/mycpu3.srcs/sources_1/new/BUS.v]
update_compile_order -fileset sources_1
reset_run synth_1
launch_runs impl_1 -to_step write_bitstream -jobs 8
wait_on_run impl_1
add_files -norecurse C:/Users/finger/Desktop/mycpu3/mycpu3.srcs/sources_1/new/BUS.v
update_compile_order -fileset sources_1
add_files -norecurse C:/Users/finger/Desktop/2021/download_test/synthesized_ip/dram/dram.dcp
reset_run synth_1
launch_runs impl_1 -to_step write_bitstream -jobs 8
wait_on_run impl_1
reset_run synth_1
launch_runs impl_1 -to_step write_bitstream -jobs 8
wait_on_run impl_1
open_hw
connect_hw_server
connect_hw_server
open_hw_target
set_property PROGRAM.FILE {C:/Users/finger/Desktop/mycpu3/mycpu3.runs/impl_1/cpu_top.bit} [get_hw_devices xc7a100t_0]
current_hw_device [get_hw_devices xc7a100t_0]
refresh_hw_device -update_hw_probes false [lindex [get_hw_devices xc7a100t_0] 0]
set_property PROBES.FILE {} [get_hw_devices xc7a100t_0]
set_property FULL_PROBES.FILE {} [get_hw_devices xc7a100t_0]
set_property PROGRAM.FILE {C:/Users/finger/Desktop/mycpu3/mycpu3.runs/impl_1/cpu_top.bit} [get_hw_devices xc7a100t_0]
program_hw_devices [get_hw_devices xc7a100t_0]
refresh_hw_device [lindex [get_hw_devices xc7a100t_0] 0]
reset_run synth_1
launch_runs impl_1 -to_step write_bitstream -jobs 8
wait_on_run impl_1
set_property PROBES.FILE {} [get_hw_devices xc7a100t_0]
set_property FULL_PROBES.FILE {} [get_hw_devices xc7a100t_0]
set_property PROGRAM.FILE {C:/Users/finger/Desktop/mycpu3/mycpu3.runs/impl_1/cpu_top.bit} [get_hw_devices xc7a100t_0]
program_hw_devices [get_hw_devices xc7a100t_0]
refresh_hw_device [lindex [get_hw_devices xc7a100t_0] 0]
reset_run impl_1 -prev_step 
launch_runs impl_1 -to_step write_bitstream -jobs 8
wait_on_run impl_1
set_property PROBES.FILE {} [get_hw_devices xc7a100t_0]
set_property FULL_PROBES.FILE {} [get_hw_devices xc7a100t_0]
set_property PROGRAM.FILE {C:/Users/finger/Desktop/mycpu3/mycpu3.runs/impl_1/cpu_top.bit} [get_hw_devices xc7a100t_0]
program_hw_devices [get_hw_devices xc7a100t_0]
refresh_hw_device [lindex [get_hw_devices xc7a100t_0] 0]
reset_run synth_1
launch_runs impl_1 -to_step write_bitstream -jobs 8
wait_on_run impl_1
reset_run impl_1
launch_runs impl_1 -to_step write_bitstream -jobs 8
wait_on_run impl_1
set_property PROBES.FILE {} [get_hw_devices xc7a100t_0]
set_property FULL_PROBES.FILE {} [get_hw_devices xc7a100t_0]
set_property PROGRAM.FILE {C:/Users/finger/Desktop/mycpu3/mycpu3.runs/impl_1/cpu_top.bit} [get_hw_devices xc7a100t_0]
program_hw_devices [get_hw_devices xc7a100t_0]
refresh_hw_device [lindex [get_hw_devices xc7a100t_0] 0]
reset_run synth_1
launch_runs impl_1 -to_step write_bitstream -jobs 8
wait_on_run impl_1
set_property PROBES.FILE {} [get_hw_devices xc7a100t_0]
set_property FULL_PROBES.FILE {} [get_hw_devices xc7a100t_0]
set_property PROGRAM.FILE {C:/Users/finger/Desktop/mycpu3/mycpu3.runs/impl_1/cpu_top.bit} [get_hw_devices xc7a100t_0]
program_hw_devices [get_hw_devices xc7a100t_0]
refresh_hw_device [lindex [get_hw_devices xc7a100t_0] 0]
reset_run synth_1
launch_runs impl_1 -to_step write_bitstream -jobs 8
wait_on_run impl_1
set_property PROBES.FILE {} [get_hw_devices xc7a100t_0]
set_property FULL_PROBES.FILE {} [get_hw_devices xc7a100t_0]
set_property PROGRAM.FILE {C:/Users/finger/Desktop/mycpu3/mycpu3.runs/impl_1/cpu_top.bit} [get_hw_devices xc7a100t_0]
program_hw_devices [get_hw_devices xc7a100t_0]
refresh_hw_device [lindex [get_hw_devices xc7a100t_0] 0]
reset_run synth_1
launch_runs impl_1 -to_step write_bitstream -jobs 8
wait_on_run impl_1
set_property PROBES.FILE {} [get_hw_devices xc7a100t_0]
set_property FULL_PROBES.FILE {} [get_hw_devices xc7a100t_0]
set_property PROGRAM.FILE {C:/Users/finger/Desktop/mycpu3/mycpu3.runs/impl_1/cpu_top.bit} [get_hw_devices xc7a100t_0]
program_hw_devices [get_hw_devices xc7a100t_0]
refresh_hw_device [lindex [get_hw_devices xc7a100t_0] 0]
disconnect_hw_server localhost:3121
connect_hw_server
open_hw_target
set_property PROGRAM.FILE {C:/Users/finger/Desktop/mycpu3/mycpu3.runs/impl_1/cpu_top.bit} [get_hw_devices xc7a100t_0]
current_hw_device [get_hw_devices xc7a100t_0]
refresh_hw_device -update_hw_probes false [lindex [get_hw_devices xc7a100t_0] 0]
set_property PROBES.FILE {} [get_hw_devices xc7a100t_0]
set_property FULL_PROBES.FILE {} [get_hw_devices xc7a100t_0]
set_property PROGRAM.FILE {C:/Users/finger/Desktop/mycpu3/mycpu3.runs/impl_1/cpu_top.bit} [get_hw_devices xc7a100t_0]
program_hw_devices [get_hw_devices xc7a100t_0]
refresh_hw_device [lindex [get_hw_devices xc7a100t_0] 0]
reset_run synth_1
launch_runs impl_1 -to_step write_bitstream -jobs 8
wait_on_run impl_1
set_property PROBES.FILE {} [get_hw_devices xc7a100t_0]
set_property FULL_PROBES.FILE {} [get_hw_devices xc7a100t_0]
set_property PROGRAM.FILE {C:/Users/finger/Desktop/mycpu3/mycpu3.runs/impl_1/cpu_top.bit} [get_hw_devices xc7a100t_0]
program_hw_devices [get_hw_devices xc7a100t_0]
refresh_hw_device [lindex [get_hw_devices xc7a100t_0] 0]
set_property PROBES.FILE {} [get_hw_devices xc7a100t_0]
set_property FULL_PROBES.FILE {} [get_hw_devices xc7a100t_0]
set_property PROGRAM.FILE {C:/Users/finger/Desktop/mycpu3/mycpu3.runs/impl_1/cpu_top.bit} [get_hw_devices xc7a100t_0]
program_hw_devices [get_hw_devices xc7a100t_0]
refresh_hw_device [lindex [get_hw_devices xc7a100t_0] 0]
reset_run synth_1
launch_runs synth_1 -jobs 8
wait_on_run synth_1
open_run synth_1 -name synth_1
create_debug_core u_ila_0 ila
set_property C_DATA_DEPTH 1024 [get_debug_cores u_ila_0]
set_property C_TRIGIN_EN false [get_debug_cores u_ila_0]
set_property C_TRIGOUT_EN false [get_debug_cores u_ila_0]
set_property C_ADV_TRIGGER false [get_debug_cores u_ila_0]
set_property C_INPUT_PIPE_STAGES 0 [get_debug_cores u_ila_0]
set_property C_EN_STRG_QUAL false [get_debug_cores u_ila_0]
set_property ALL_PROBE_SAME_MU true [get_debug_cores u_ila_0]
set_property ALL_PROBE_SAME_MU_CNT 1 [get_debug_cores u_ila_0]
startgroup 
set_property C_EN_STRG_QUAL true [get_debug_cores u_ila_0 ]
set_property ALL_PROBE_SAME_MU true [get_debug_cores u_ila_0 ]
set_property ALL_PROBE_SAME_MU_CNT 2 [get_debug_cores u_ila_0 ]
endgroup
set_property port_width 1 [get_debug_ports u_ila_0/clk]
connect_debug_port u_ila_0/clk [get_nets [list u_cpuclk/inst/clk_out1 ]]
set_property port_width 32 [get_debug_ports u_ila_0/probe0]
set_property PROBE_TYPE DATA_AND_TRIGGER [get_debug_ports u_ila_0/probe0]
connect_debug_port u_ila_0/probe0 [get_nets [list {pc[0]} {pc[1]} {pc[2]} {pc[3]} {pc[4]} {pc[5]} {pc[6]} {pc[7]} {pc[8]} {pc[9]} {pc[10]} {pc[11]} {pc[12]} {pc[13]} {pc[14]} {pc[15]} {pc[16]} {pc[17]} {pc[18]} {pc[19]} {pc[20]} {pc[21]} {pc[22]} {pc[23]} {pc[24]} {pc[25]} {pc[26]} {pc[27]} {pc[28]} {pc[29]} {pc[30]} {pc[31]} ]]
create_debug_port u_ila_0 probe
set_property port_width 32 [get_debug_ports u_ila_0/probe1]
set_property PROBE_TYPE DATA_AND_TRIGGER [get_debug_ports u_ila_0/probe1]
connect_debug_port u_ila_0/probe1 [get_nets [list {trace_result[0]} {trace_result[1]} {trace_result[2]} {trace_result[3]} {trace_result[4]} {trace_result[5]} {trace_result[6]} {trace_result[7]} {trace_result[8]} {trace_result[9]} {trace_result[10]} {trace_result[11]} {trace_result[12]} {trace_result[13]} {trace_result[14]} {trace_result[15]} {trace_result[16]} {trace_result[17]} {trace_result[18]} {trace_result[19]} {trace_result[20]} {trace_result[21]} {trace_result[22]} {trace_result[23]} {trace_result[24]} {trace_result[25]} {trace_result[26]} {trace_result[27]} {trace_result[28]} {trace_result[29]} {trace_result[30]} {trace_result[31]} ]]
save_constraints -force
launch_runs impl_1 -to_step write_bitstream -jobs 8
wait_on_run impl_1
set_property PROBES.FILE {C:/Users/finger/Desktop/mycpu3/mycpu3.runs/impl_1/cpu_top.ltx} [get_hw_devices xc7a100t_0]
set_property FULL_PROBES.FILE {C:/Users/finger/Desktop/mycpu3/mycpu3.runs/impl_1/cpu_top.ltx} [get_hw_devices xc7a100t_0]
set_property PROGRAM.FILE {C:/Users/finger/Desktop/mycpu3/mycpu3.runs/impl_1/cpu_top.bit} [get_hw_devices xc7a100t_0]
program_hw_devices [get_hw_devices xc7a100t_0]
refresh_hw_device [lindex [get_hw_devices xc7a100t_0] 0]
display_hw_ila_data [ get_hw_ila_data hw_ila_data_1 -of_objects [get_hw_ilas -of_objects [get_hw_devices xc7a100t_0] -filter {CELL_NAME=~"u_ila_0"}]]
set_property TRIGGER_COMPARE_VALUE eq32'h0000_0000 [get_hw_probes pc -of_objects [get_hw_ilas -of_objects [get_hw_devices xc7a100t_0] -filter {CELL_NAME=~"u_ila_0"}]]
run_hw_ila [get_hw_ilas -of_objects [get_hw_devices xc7a100t_0] -filter {CELL_NAME=~"u_ila_0"}]
wait_on_hw_ila -timeout 0 [get_hw_ilas -of_objects [get_hw_devices xc7a100t_0] -filter {CELL_NAME=~"u_ila_0"}]
upload_hw_ila_data [get_hw_ilas -of_objects [get_hw_devices xc7a100t_0] -filter {CELL_NAME=~"u_ila_0"}]
run_hw_ila [get_hw_ilas -of_objects [get_hw_devices xc7a100t_0] -filter {CELL_NAME=~"u_ila_0"}] -trigger_now
wait_on_hw_ila [get_hw_ilas -of_objects [get_hw_devices xc7a100t_0] -filter {CELL_NAME=~"u_ila_0"}]
display_hw_ila_data [upload_hw_ila_data [get_hw_ilas -of_objects [get_hw_devices xc7a100t_0] -filter {CELL_NAME=~"u_ila_0"}]]
reset_run synth_1
launch_runs synth_1 -jobs 8
wait_on_run synth_1
refresh_design
delete_debug_core [get_debug_cores {u_ila_0 }]
create_debug_core u_ila_0 ila
set_property C_DATA_DEPTH 1024 [get_debug_cores u_ila_0]
set_property C_TRIGIN_EN false [get_debug_cores u_ila_0]
set_property C_TRIGOUT_EN false [get_debug_cores u_ila_0]
set_property C_ADV_TRIGGER false [get_debug_cores u_ila_0]
set_property C_INPUT_PIPE_STAGES 0 [get_debug_cores u_ila_0]
set_property C_EN_STRG_QUAL false [get_debug_cores u_ila_0]
set_property ALL_PROBE_SAME_MU true [get_debug_cores u_ila_0]
set_property ALL_PROBE_SAME_MU_CNT 1 [get_debug_cores u_ila_0]
startgroup 
set_property C_EN_STRG_QUAL true [get_debug_cores u_ila_0 ]
set_property ALL_PROBE_SAME_MU true [get_debug_cores u_ila_0 ]
set_property ALL_PROBE_SAME_MU_CNT 2 [get_debug_cores u_ila_0 ]
endgroup
set_property port_width 1 [get_debug_ports u_ila_0/clk]
connect_debug_port u_ila_0/clk [get_nets [list u_cpuclk/inst/clk_out1 ]]
set_property port_width 32 [get_debug_ports u_ila_0/probe0]
set_property PROBE_TYPE DATA_AND_TRIGGER [get_debug_ports u_ila_0/probe0]
connect_debug_port u_ila_0/probe0 [get_nets [list {inst[0]} {inst[1]} {inst[2]} {inst[3]} {inst[4]} {inst[5]} {inst[6]} {inst[7]} {inst[8]} {inst[9]} {inst[10]} {inst[11]} {inst[12]} {inst[13]} {inst[14]} {inst[15]} {inst[16]} {inst[17]} {inst[18]} {inst[19]} {inst[20]} {inst[21]} {inst[22]} {inst[23]} {inst[24]} {inst[25]} {inst[26]} {inst[27]} {inst[28]} {inst[29]} {inst[30]} {inst[31]} ]]
create_debug_port u_ila_0 probe
set_property port_width 32 [get_debug_ports u_ila_0/probe1]
set_property PROBE_TYPE DATA_AND_TRIGGER [get_debug_ports u_ila_0/probe1]
connect_debug_port u_ila_0/probe1 [get_nets [list {trace_result[0]} {trace_result[1]} {trace_result[2]} {trace_result[3]} {trace_result[4]} {trace_result[5]} {trace_result[6]} {trace_result[7]} {trace_result[8]} {trace_result[9]} {trace_result[10]} {trace_result[11]} {trace_result[12]} {trace_result[13]} {trace_result[14]} {trace_result[15]} {trace_result[16]} {trace_result[17]} {trace_result[18]} {trace_result[19]} {trace_result[20]} {trace_result[21]} {trace_result[22]} {trace_result[23]} {trace_result[24]} {trace_result[25]} {trace_result[26]} {trace_result[27]} {trace_result[28]} {trace_result[29]} {trace_result[30]} {trace_result[31]} ]]
create_debug_port u_ila_0 probe
set_property port_width 32 [get_debug_ports u_ila_0/probe2]
set_property PROBE_TYPE DATA_AND_TRIGGER [get_debug_ports u_ila_0/probe2]
connect_debug_port u_ila_0/probe2 [get_nets [list {pc[0]} {pc[1]} {pc[2]} {pc[3]} {pc[4]} {pc[5]} {pc[6]} {pc[7]} {pc[8]} {pc[9]} {pc[10]} {pc[11]} {pc[12]} {pc[13]} {pc[14]} {pc[15]} {pc[16]} {pc[17]} {pc[18]} {pc[19]} {pc[20]} {pc[21]} {pc[22]} {pc[23]} {pc[24]} {pc[25]} {pc[26]} {pc[27]} {pc[28]} {pc[29]} {pc[30]} {pc[31]} ]]
save_constraints
launch_runs impl_1 -to_step write_bitstream -jobs 8
wait_on_run impl_1
set_property PROBES.FILE {C:/Users/finger/Desktop/mycpu3/mycpu3.runs/impl_1/cpu_top.ltx} [get_hw_devices xc7a100t_0]
set_property FULL_PROBES.FILE {C:/Users/finger/Desktop/mycpu3/mycpu3.runs/impl_1/cpu_top.ltx} [get_hw_devices xc7a100t_0]
set_property PROGRAM.FILE {C:/Users/finger/Desktop/mycpu3/mycpu3.runs/impl_1/cpu_top.bit} [get_hw_devices xc7a100t_0]
program_hw_devices [get_hw_devices xc7a100t_0]
refresh_hw_device [lindex [get_hw_devices xc7a100t_0] 0]
display_hw_ila_data [ get_hw_ila_data hw_ila_data_1 -of_objects [get_hw_ilas -of_objects [get_hw_devices xc7a100t_0] -filter {CELL_NAME=~"u_ila_0"}]]
run_hw_ila [get_hw_ilas -of_objects [get_hw_devices xc7a100t_0] -filter {CELL_NAME=~"u_ila_0"}] -trigger_now
wait_on_hw_ila [get_hw_ilas -of_objects [get_hw_devices xc7a100t_0] -filter {CELL_NAME=~"u_ila_0"}]
display_hw_ila_data [upload_hw_ila_data [get_hw_ilas -of_objects [get_hw_devices xc7a100t_0] -filter {CELL_NAME=~"u_ila_0"}]]
reset_run synth_1
launch_runs synth_1 -jobs 8
wait_on_run synth_1
delete_debug_core [get_debug_cores {u_ila_0 }]
create_debug_core u_ila_0 ila
set_property C_DATA_DEPTH 1024 [get_debug_cores u_ila_0]
set_property C_TRIGIN_EN false [get_debug_cores u_ila_0]
set_property C_TRIGOUT_EN false [get_debug_cores u_ila_0]
set_property C_ADV_TRIGGER false [get_debug_cores u_ila_0]
set_property C_INPUT_PIPE_STAGES 0 [get_debug_cores u_ila_0]
set_property C_EN_STRG_QUAL false [get_debug_cores u_ila_0]
set_property ALL_PROBE_SAME_MU true [get_debug_cores u_ila_0]
set_property ALL_PROBE_SAME_MU_CNT 1 [get_debug_cores u_ila_0]
startgroup 
set_property C_EN_STRG_QUAL true [get_debug_cores u_ila_0 ]
set_property ALL_PROBE_SAME_MU true [get_debug_cores u_ila_0 ]
set_property ALL_PROBE_SAME_MU_CNT 2 [get_debug_cores u_ila_0 ]
endgroup
set_property port_width 1 [get_debug_ports u_ila_0/clk]
connect_debug_port u_ila_0/clk [get_nets [list u_cpuclk/inst/clk_out1 ]]
set_property port_width 32 [get_debug_ports u_ila_0/probe0]
set_property PROBE_TYPE DATA_AND_TRIGGER [get_debug_ports u_ila_0/probe0]
connect_debug_port u_ila_0/probe0 [get_nets [list {inst[0]} {inst[1]} {inst[2]} {inst[3]} {inst[4]} {inst[5]} {inst[6]} {inst[7]} {inst[8]} {inst[9]} {inst[10]} {inst[11]} {inst[12]} {inst[13]} {inst[14]} {inst[15]} {inst[16]} {inst[17]} {inst[18]} {inst[19]} {inst[20]} {inst[21]} {inst[22]} {inst[23]} {inst[24]} {inst[25]} {inst[26]} {inst[27]} {inst[28]} {inst[29]} {inst[30]} {inst[31]} ]]
create_debug_port u_ila_0 probe
set_property port_width 32 [get_debug_ports u_ila_0/probe1]
set_property PROBE_TYPE DATA_AND_TRIGGER [get_debug_ports u_ila_0/probe1]
connect_debug_port u_ila_0/probe1 [get_nets [list {trace_result[0]} {trace_result[1]} {trace_result[2]} {trace_result[3]} {trace_result[4]} {trace_result[5]} {trace_result[6]} {trace_result[7]} {trace_result[8]} {trace_result[9]} {trace_result[10]} {trace_result[11]} {trace_result[12]} {trace_result[13]} {trace_result[14]} {trace_result[15]} {trace_result[16]} {trace_result[17]} {trace_result[18]} {trace_result[19]} {trace_result[20]} {trace_result[21]} {trace_result[22]} {trace_result[23]} {trace_result[24]} {trace_result[25]} {trace_result[26]} {trace_result[27]} {trace_result[28]} {trace_result[29]} {trace_result[30]} {trace_result[31]} ]]
create_debug_port u_ila_0 probe
set_property port_width 32 [get_debug_ports u_ila_0/probe2]
set_property PROBE_TYPE DATA_AND_TRIGGER [get_debug_ports u_ila_0/probe2]
connect_debug_port u_ila_0/probe2 [get_nets [list {pc[0]} {pc[1]} {pc[2]} {pc[3]} {pc[4]} {pc[5]} {pc[6]} {pc[7]} {pc[8]} {pc[9]} {pc[10]} {pc[11]} {pc[12]} {pc[13]} {pc[14]} {pc[15]} {pc[16]} {pc[17]} {pc[18]} {pc[19]} {pc[20]} {pc[21]} {pc[22]} {pc[23]} {pc[24]} {pc[25]} {pc[26]} {pc[27]} {pc[28]} {pc[29]} {pc[30]} {pc[31]} ]]
save_constraints -force
launch_runs impl_1 -to_step write_bitstream -jobs 8
wait_on_run impl_1
set_property PROBES.FILE {C:/Users/finger/Desktop/mycpu3/mycpu3.runs/impl_1/cpu_top.ltx} [get_hw_devices xc7a100t_0]
set_property FULL_PROBES.FILE {C:/Users/finger/Desktop/mycpu3/mycpu3.runs/impl_1/cpu_top.ltx} [get_hw_devices xc7a100t_0]
set_property PROGRAM.FILE {C:/Users/finger/Desktop/mycpu3/mycpu3.runs/impl_1/cpu_top.bit} [get_hw_devices xc7a100t_0]
program_hw_devices [get_hw_devices xc7a100t_0]
refresh_hw_device [lindex [get_hw_devices xc7a100t_0] 0]
display_hw_ila_data [ get_hw_ila_data hw_ila_data_1 -of_objects [get_hw_ilas -of_objects [get_hw_devices xc7a100t_0] -filter {CELL_NAME=~"u_ila_0"}]]
run_hw_ila [get_hw_ilas -of_objects [get_hw_devices xc7a100t_0] -filter {CELL_NAME=~"u_ila_0"}] -trigger_now
wait_on_hw_ila [get_hw_ilas -of_objects [get_hw_devices xc7a100t_0] -filter {CELL_NAME=~"u_ila_0"}]
display_hw_ila_data [upload_hw_ila_data [get_hw_ilas -of_objects [get_hw_devices xc7a100t_0] -filter {CELL_NAME=~"u_ila_0"}]]
run_hw_ila [get_hw_ilas -of_objects [get_hw_devices xc7a100t_0] -filter {CELL_NAME=~"u_ila_0"}]
wait_on_hw_ila -timeout 0 [get_hw_ilas -of_objects [get_hw_devices xc7a100t_0] -filter {CELL_NAME=~"u_ila_0"}]
upload_hw_ila_data [get_hw_ilas -of_objects [get_hw_devices xc7a100t_0] -filter {CELL_NAME=~"u_ila_0"}]
run_hw_ila [get_hw_ilas -of_objects [get_hw_devices xc7a100t_0] -filter {CELL_NAME=~"u_ila_0"}] -trigger_now
wait_on_hw_ila [get_hw_ilas -of_objects [get_hw_devices xc7a100t_0] -filter {CELL_NAME=~"u_ila_0"}]
display_hw_ila_data [upload_hw_ila_data [get_hw_ilas -of_objects [get_hw_devices xc7a100t_0] -filter {CELL_NAME=~"u_ila_0"}]]
set_property PROBES.FILE {C:/Users/finger/Desktop/mycpu3/mycpu3.runs/impl_1/cpu_top.ltx} [get_hw_devices xc7a100t_0]
set_property FULL_PROBES.FILE {C:/Users/finger/Desktop/mycpu3/mycpu3.runs/impl_1/cpu_top.ltx} [get_hw_devices xc7a100t_0]
set_property PROGRAM.FILE {C:/Users/finger/Desktop/mycpu3/mycpu3.runs/impl_1/cpu_top.bit} [get_hw_devices xc7a100t_0]
program_hw_devices [get_hw_devices xc7a100t_0]
refresh_hw_device [lindex [get_hw_devices xc7a100t_0] 0]
reset_run synth_1
launch_runs impl_1 -to_step write_bitstream -jobs 8
wait_on_run impl_1
run_hw_ila [get_hw_ilas -of_objects [get_hw_devices xc7a100t_0] -filter {CELL_NAME=~"u_ila_0"}]
wait_on_hw_ila -timeout 0 [get_hw_ilas -of_objects [get_hw_devices xc7a100t_0] -filter {CELL_NAME=~"u_ila_0"}]
upload_hw_ila_data [get_hw_ilas -of_objects [get_hw_devices xc7a100t_0] -filter {CELL_NAME=~"u_ila_0"}]
run_hw_ila [get_hw_ilas -of_objects [get_hw_devices xc7a100t_0] -filter {CELL_NAME=~"u_ila_0"}] -trigger_now
wait_on_hw_ila [get_hw_ilas -of_objects [get_hw_devices xc7a100t_0] -filter {CELL_NAME=~"u_ila_0"}]
display_hw_ila_data [upload_hw_ila_data [get_hw_ilas -of_objects [get_hw_devices xc7a100t_0] -filter {CELL_NAME=~"u_ila_0"}]]
run_hw_ila [get_hw_ilas -of_objects [get_hw_devices xc7a100t_0] -filter {CELL_NAME=~"u_ila_0"}]
wait_on_hw_ila -timeout 0 [get_hw_ilas -of_objects [get_hw_devices xc7a100t_0] -filter {CELL_NAME=~"u_ila_0"}]
upload_hw_ila_data [get_hw_ilas -of_objects [get_hw_devices xc7a100t_0] -filter {CELL_NAME=~"u_ila_0"}]
run_hw_ila [get_hw_ilas -of_objects [get_hw_devices xc7a100t_0] -filter {CELL_NAME=~"u_ila_0"}]
set_property PROBES.FILE {} [get_hw_devices xc7a100t_0]
set_property FULL_PROBES.FILE {} [get_hw_devices xc7a100t_0]
set_property PROGRAM.FILE {C:/Users/finger/Desktop/mycpu3/mycpu3.runs/impl_1/cpu_top.bit} [get_hw_devices xc7a100t_0]
program_hw_devices [get_hw_devices xc7a100t_0]
refresh_hw_device [lindex [get_hw_devices xc7a100t_0] 0]
export_ip_user_files -of_objects  [get_files C:/Users/finger/Desktop/dummy_cpu_trace/IROM.v] -no_script -reset -force -quiet
remove_files  C:/Users/finger/Desktop/dummy_cpu_trace/IROM.v
remove_files  C:/Users/finger/Desktop/dummy_cpu_trace/IROM.v
reset_run synth_1
launch_runs synth_1 -jobs 8
wait_on_run synth_1
reset_run synth_1
launch_runs synth_1 -jobs 8
wait_on_run synth_1
launch_runs impl_1 -jobs 8
wait_on_run impl_1
reset_run synth_1
launch_runs impl_1 -jobs 8
wait_on_run impl_1
set_property PROBES.FILE {} [get_hw_devices xc7a100t_0]
set_property FULL_PROBES.FILE {} [get_hw_devices xc7a100t_0]
set_property PROGRAM.FILE {C:/Users/finger/Desktop/bitfile/new/cpu_top.bit} [get_hw_devices xc7a100t_0]
program_hw_devices [get_hw_devices xc7a100t_0]
refresh_hw_device [lindex [get_hw_devices xc7a100t_0] 0]
reset_run synth_1
launch_runs impl_1 -to_step write_bitstream -jobs 8
wait_on_run impl_1
set_property PROBES.FILE {} [get_hw_devices xc7a100t_0]
set_property FULL_PROBES.FILE {} [get_hw_devices xc7a100t_0]
set_property PROGRAM.FILE {C:/Users/finger/Desktop/bitfile/new/cpu_top.bit} [get_hw_devices xc7a100t_0]
program_hw_devices [get_hw_devices xc7a100t_0]
refresh_hw_device [lindex [get_hw_devices xc7a100t_0] 0]
set_property PROBES.FILE {} [get_hw_devices xc7a100t_0]
set_property FULL_PROBES.FILE {} [get_hw_devices xc7a100t_0]
set_property PROGRAM.FILE {C:/Users/finger/Desktop/mycpu3/mycpu3.runs/impl_1/cpu_top.bit} [get_hw_devices xc7a100t_0]
program_hw_devices [get_hw_devices xc7a100t_0]
refresh_hw_device [lindex [get_hw_devices xc7a100t_0] 0]
reset_run impl_1 -prev_step 
launch_runs impl_1 -to_step write_bitstream -jobs 8
wait_on_run impl_1
set_property PROBES.FILE {} [get_hw_devices xc7a100t_0]
set_property FULL_PROBES.FILE {} [get_hw_devices xc7a100t_0]
set_property PROGRAM.FILE {C:/Users/finger/Desktop/mycpu3/mycpu3.runs/impl_1/cpu_top.bit} [get_hw_devices xc7a100t_0]
program_hw_devices [get_hw_devices xc7a100t_0]
refresh_hw_device [lindex [get_hw_devices xc7a100t_0] 0]
export_ip_user_files -of_objects  [get_files C:/Users/finger/Desktop/2021/download_test/synthesized_ip/prgrom/prgrom.dcp] -no_script -reset -force -quiet
remove_files  C:/Users/finger/Desktop/2021/download_test/synthesized_ip/prgrom/prgrom.dcp
create_ip -name dist_mem_gen -vendor xilinx.com -library ip -version 8.0 -module_name prgrom -dir c:/Users/finger/Desktop/mycpu3/mycpu3.srcs/sources_1/ip
set_property -dict [list CONFIG.depth {16384} CONFIG.data_width {32} CONFIG.Component_Name {prgrom} CONFIG.memory_type {rom}] [get_ips prgrom]
generate_target {instantiation_template} [get_files c:/Users/finger/Desktop/mycpu3/mycpu3.srcs/sources_1/ip/prgrom/prgrom.xci]
update_compile_order -fileset sources_1
generate_target all [get_files  c:/Users/finger/Desktop/mycpu3/mycpu3.srcs/sources_1/ip/prgrom/prgrom.xci]
catch { config_ip_cache -export [get_ips -all prgrom] }
export_ip_user_files -of_objects [get_files c:/Users/finger/Desktop/mycpu3/mycpu3.srcs/sources_1/ip/prgrom/prgrom.xci] -no_script -sync -force -quiet
create_ip_run [get_files -of_objects [get_fileset sources_1] c:/Users/finger/Desktop/mycpu3/mycpu3.srcs/sources_1/ip/prgrom/prgrom.xci]
launch_runs -jobs 8 prgrom_synth_1
export_simulation -of_objects [get_files c:/Users/finger/Desktop/mycpu3/mycpu3.srcs/sources_1/ip/prgrom/prgrom.xci] -directory C:/Users/finger/Desktop/mycpu3/mycpu3.ip_user_files/sim_scripts -ip_user_files_dir C:/Users/finger/Desktop/mycpu3/mycpu3.ip_user_files -ipstatic_source_dir C:/Users/finger/Desktop/mycpu3/mycpu3.ip_user_files/ipstatic -lib_map_path [list {modelsim=C:/Users/finger/Desktop/mycpu3/mycpu3.cache/compile_simlib/modelsim} {questa=C:/Users/finger/Desktop/mycpu3/mycpu3.cache/compile_simlib/questa} {riviera=C:/Users/finger/Desktop/mycpu3/mycpu3.cache/compile_simlib/riviera} {activehdl=C:/Users/finger/Desktop/mycpu3/mycpu3.cache/compile_simlib/activehdl}] -use_ip_compiled_libs -force -quiet
set_property -dict [list CONFIG.coefficient_file {c:/Users/finger/Desktop/mycpu3/mycpu3.srcs/sources_1/ip/prgrom/inst_ram.coe}] [get_ips prgrom]
generate_target all [get_files  c:/Users/finger/Desktop/mycpu3/mycpu3.srcs/sources_1/ip/prgrom/prgrom.xci]
catch { config_ip_cache -export [get_ips -all prgrom] }
export_ip_user_files -of_objects [get_files c:/Users/finger/Desktop/mycpu3/mycpu3.srcs/sources_1/ip/prgrom/prgrom.xci] -no_script -sync -force -quiet
reset_run prgrom_synth_1
launch_runs -jobs 8 prgrom_synth_1
export_simulation -of_objects [get_files c:/Users/finger/Desktop/mycpu3/mycpu3.srcs/sources_1/ip/prgrom/prgrom.xci] -directory C:/Users/finger/Desktop/mycpu3/mycpu3.ip_user_files/sim_scripts -ip_user_files_dir C:/Users/finger/Desktop/mycpu3/mycpu3.ip_user_files -ipstatic_source_dir C:/Users/finger/Desktop/mycpu3/mycpu3.ip_user_files/ipstatic -lib_map_path [list {modelsim=C:/Users/finger/Desktop/mycpu3/mycpu3.cache/compile_simlib/modelsim} {questa=C:/Users/finger/Desktop/mycpu3/mycpu3.cache/compile_simlib/questa} {riviera=C:/Users/finger/Desktop/mycpu3/mycpu3.cache/compile_simlib/riviera} {activehdl=C:/Users/finger/Desktop/mycpu3/mycpu3.cache/compile_simlib/activehdl}] -use_ip_compiled_libs -force -quiet
reset_run synth_1
launch_runs impl_1 -to_step write_bitstream -jobs 8
wait_on_run impl_1
set_property PROBES.FILE {} [get_hw_devices xc7a100t_0]
set_property FULL_PROBES.FILE {} [get_hw_devices xc7a100t_0]
set_property PROGRAM.FILE {C:/Users/finger/Desktop/mycpu3/mycpu3.runs/impl_1/cpu_top.bit} [get_hw_devices xc7a100t_0]
program_hw_devices [get_hw_devices xc7a100t_0]
refresh_hw_device [lindex [get_hw_devices xc7a100t_0] 0]
reset_run synth_1
launch_runs impl_1 -to_step write_bitstream -jobs 8
wait_on_run impl_1
set_property PROBES.FILE {} [get_hw_devices xc7a100t_0]
set_property FULL_PROBES.FILE {} [get_hw_devices xc7a100t_0]
set_property PROGRAM.FILE {C:/Users/finger/Desktop/mycpu3/mycpu3.runs/impl_1/cpu_top.bit} [get_hw_devices xc7a100t_0]
program_hw_devices [get_hw_devices xc7a100t_0]
refresh_hw_device [lindex [get_hw_devices xc7a100t_0] 0]
reset_run synth_1
launch_runs impl_1 -to_step write_bitstream -jobs 8
wait_on_run impl_1
set_property PROBES.FILE {} [get_hw_devices xc7a100t_0]
set_property FULL_PROBES.FILE {} [get_hw_devices xc7a100t_0]
set_property PROGRAM.FILE {C:/Users/finger/Desktop/mycpu3/mycpu3.runs/impl_1/cpu_top.bit} [get_hw_devices xc7a100t_0]
program_hw_devices [get_hw_devices xc7a100t_0]
refresh_hw_device [lindex [get_hw_devices xc7a100t_0] 0]
reset_run synth_1
launch_runs impl_1 -to_step write_bitstream -jobs 8
wait_on_run impl_1
set_property PROBES.FILE {} [get_hw_devices xc7a100t_0]
set_property FULL_PROBES.FILE {} [get_hw_devices xc7a100t_0]
set_property PROGRAM.FILE {C:/Users/finger/Desktop/mycpu3/mycpu3.runs/impl_1/cpu_top.bit} [get_hw_devices xc7a100t_0]
program_hw_devices [get_hw_devices xc7a100t_0]
refresh_hw_device [lindex [get_hw_devices xc7a100t_0] 0]
reset_run synth_1
launch_runs impl_1 -to_step write_bitstream -jobs 8
wait_on_run impl_1
set_property PROBES.FILE {} [get_hw_devices xc7a100t_0]
set_property FULL_PROBES.FILE {} [get_hw_devices xc7a100t_0]
set_property PROGRAM.FILE {C:/Users/finger/Desktop/mycpu3/mycpu3.runs/impl_1/cpu_top.bit} [get_hw_devices xc7a100t_0]
program_hw_devices [get_hw_devices xc7a100t_0]
refresh_hw_device [lindex [get_hw_devices xc7a100t_0] 0]
